:Add Ablation Zones_QPushButton	{name='nextButton' text='Add Ablation Zones' type='QPushButton' visible='1' window=':_MainWindow'}
:Form.03:00_QLabel	{container=':stackedWidget.Form_AddAblationZonesSidePanelForm2' name='timeValueLabel' text='03:00' type='QLabel' visible='1'}
:Form.100 W_QPushButton	{container=':stackedWidget.Form_AddAblationZonesSidePanelForm2' name='powerLevelButton3' text='100 W' type='QPushButton' visible='1'}
:Form.15 mm_QLabel	{container=':stackedWidget.Form_AddTargetsSidePanelForm2' name='widthValueLabel' text='15 mm' type='QLabel' visible='1'}
:Form.15.0 mm_QLabel	{container=':stackedWidget.Form_AddTargetsSidePanelForm2' name='depthValueLabel' text='15.0 mm' type='QLabel' visible='1'}
:Form.50 W_QPushButton	{container=':stackedWidget.Form_AddAblationZonesSidePanelForm2' name='powerLevelButton1' text='50 W' type='QPushButton' visible='1'}
:Form.75 W_QPushButton	{container=':stackedWidget.Form_AddAblationZonesSidePanelForm2' name='powerLevelButton2' text='75 W' type='QPushButton' visible='1'}
:Form.Add Ablation Zone_QPushButton	{container=':stackedWidget.Form_AddAblationZonesSidePanelForm1' name='addAblationZoneButton' text='Add Ablation Zone' type='QPushButton' visible='1'}
:Form.Add a Target_QPushButton	{container=':stackedWidget.Form_AddTargetsSidePanelForm1' name='addTargetButton' text='Add a Target' type='QPushButton' visible='1'}
:Form.CA20L1_QPushButton	{container=':stackedWidget.Form_AddAblationZonesSidePanelForm2' name='needleButton' text='CA20L1' type='QPushButton' visible='1'}
:Form.CD_QToolButton	{container=':Form_LoadImagesTreeForm' name='cdButton' text='CD' type='QToolButton' visible='1'}
:Form.Delete Ablation Zone_QPushButton	{container=':stackedWidget.Form_AddAblationZonesSidePanelForm2' name='deleteAblationZoneButton' text='Delete Ablation Zone' type='QPushButton' visible='1'}
:Form.Delete Target_QPushButton	{container=':stackedWidget.Form_AddTargetsSidePanelForm2' name='deleteTargetButton' text='Delete Target' type='QPushButton' visible='1'}
:Form.Export Snapshots to USB_QPushButton	{container=':Form_ExportForm' name='exportSnapshotButton' text='Export Snapshots to USB' type='QPushButton' visible='1'}
:Form.Form_ViewsAreaForm	{container=':Form_MainForm' name='ViewsAreaForm' type='ViewsAreaForm' visible='1' windowTitle='Form'}
:Form.Hard Drive_QToolButton	{container=':Form_LoadImagesTreeForm' name='hardDriveButton' text='Hard Drive' type='QToolButton' visible='1'}
:Form.System_QToolButton	{container=':Form_LoadImagesTreeForm' name='systemButton' text='System' type='QToolButton' visible='1'}
:Form.USB_QToolButton	{container=':Form_LoadImagesTreeForm' name='usbButton' text='USB' type='QToolButton' visible='1'}
:Form.captureScreenButton_QPushButton	{container=':Form_HeaderForm' name='captureScreenButton' type='QPushButton' visible='1'}
:Form.closeButton_QPushButton	{container=':Form_HeaderForm' name='closeButton' type='QPushButton' visible='1'}
:Form.customTreeWidget_CustomTreeWidget	{container=':Form_LoadImagesTreeForm' name='customTreeWidget' type='CustomTreeWidget' visible='1'}
:Form.nameLineEdit_QLineEdit	{container=':stackedWidget.Form_AddTargetsSidePanelForm2' name='nameLineEdit' type='QLineEdit' visible='1'}
:Form.notesTextEdit_QPlainTextEdit	{container=':stackedWidget.Form_AddTargetsSidePanelForm2' name='notesTextEdit' type='QPlainTextEdit' visible='1'}
:Form.qvtkWidget_QVTKWidget	{container=':stackedWidget.Form_MIPViewWidget' name='qvtkWidget' type='QVTKWidget' visible='1'}
:Form.search_QLineEdit	{container=':Form_LoadImagesTreeForm' name='search' type='QLineEdit' visible='1'}
:Form.stackedWidget_QStackedWidget	{container=':Form_MainForm' name='stackedWidget' type='QStackedWidget' visible='1'}
:Form.stackedWidget_QStackedWidget_2	{container=':Form.Form_ViewsAreaForm' name='stackedWidget' type='QStackedWidget' visible='1'}
:Form.statusBarWidget_QWidget	{container=':Form_StatusBarForm' name='statusBarWidget' type='QWidget' visible='1'}
:Form.tabsWidget_QWidget	{container=':Form_MainForm' name='tabsWidget' type='QWidget' visible='1'}
:Form_ExportForm	{name='ExportForm' type='ExportForm' visible='1' window=':_MainWindow' windowTitle='Form'}
:Form_HeaderForm	{name='HeaderForm' type='HeaderForm' visible='1' window=':_MainWindow' windowTitle='Form'}
:Form_LoadImagesTreeForm	{name='LoadImagesTreeForm' type='LoadImagesTreeForm' visible='1' window=':_MainWindow' windowTitle='Form'}
:Form_MainForm	{name='MainForm' type='MainForm' visible='1' window=':_MainWindow' windowTitle='Form'}
:Form_QTabBar	{container=':Form_MainForm' type='QTabBar' unnamed='1' visible='1'}
:Form_StatusBarForm	{name='StatusBarForm' type='StatusBarForm' visible='1' window=':_MainWindow' windowTitle='Form'}
:Load Images_QPushButton	{name='backButton' text='Load Images' type='QPushButton' visible='1' window=':_MainWindow'}
:Matt's Target_TabItem	{container=':Form_QTabBar' text='Matt\\'s Target' type='TabItem'}
:MessageDialog.Cancel_QPushButton	{name='leftButton' text='Cancel' type='QPushButton' visible='1' window=':MessageDialog_MessageDialog'}
:MessageDialog.Delete Plan_QLabel	{name='titleLabel' text='Delete Plan' type='QLabel' visible='1' window=':MessageDialog_MessageDialog'}
:MessageDialog.Delete_QPushButton	{name='rightButton' text='Delete' type='QPushButton' visible='1' window=':MessageDialog_MessageDialog'}
:MessageDialog.captureScreenButton_QPushButton	{name='captureScreenButton' type='QPushButton' visible='1' window=':MessageDialog_MessageDialog'}
:MessageDialog.closeButton_QPushButton	{name='closeButton' type='QPushButton' visible='1' window=':MessageDialog_MessageDialog'}
:MessageDialog.dialogContainer_QWidget	{name='dialogContainer' type='QWidget' visible='1' window=':MessageDialog_MessageDialog'}
:MessageDialog_MessageDialog	{name='MessageDialog' type='MessageDialog' visible='1' windowTitle='MessageDialog'}
:ScreenCaptureDialog_ExportSnapshotDialog	{name='ExportSnapshotDialog' type='ExportSnapshotDialog' visible='1' windowTitle='ScreenCaptureDialog'}
:ScreenCaptureDialog_ScreenCaptureDialog	{name='ScreenCaptureDialog' type='ScreenCaptureDialog' visible='1' windowTitle='ScreenCaptureDialog'}
:Visualize_TabItem	{container=':Form_QTabBar' text='Visualize' type='TabItem'}
:_MainWindow	{type='MainWindow' unnamed='1' visible='1'}
:customTreeWidget.1.3.6.1.4.1.9328.50.1.0072_QModelIndex	{column='0' container=':Form.customTreeWidget_CustomTreeWidget' text='1.3.6.1.4.1.9328.50.1.0072' type='QModelIndex'}
:customTreeWidget.1.3.6.1.4.1.9328.50.3.0537_QModelIndex	{column='0' container=':Form.customTreeWidget_CustomTreeWidget' text='1.3.6.1.4.1.9328.50.3.0537' type='QModelIndex'}
:customTreeWidget.COVIDIEN PHANTOM 2_QModelIndex	{column='0' container=':Form.customTreeWidget_CustomTreeWidget' text='COVIDIEN PHANTOM 2' type='QModelIndex'}
:customTreeWidget.PATIENT15124_QModelIndex	{column='0' container=':Form.customTreeWidget_CustomTreeWidget' text='PATIENT15124' type='QModelIndex'}
:customTreeWidget.UNAVAILABLE_QModelIndex	{column='0' container=':Form.customTreeWidget_CustomTreeWidget' text='UNAVAILABLE' type='QModelIndex'}
:customTreeWidget.UNAVAILABLE_QModelIndex_2	{column='0' container=':Form.customTreeWidget_CustomTreeWidget' occurrence='2' text='UNAVAILABLE' type='QModelIndex'}
:customTreeWidget.UNAVAILABLE_QModelIndex_3	{column='0' container=':Form.customTreeWidget_CustomTreeWidget' occurrence='3' text='UNAVAILABLE' type='QModelIndex'}
:customTreeWidget.frame_QFrame	{container=':Form.customTreeWidget_CustomTreeWidget' name='frame' type='QFrame' visible='1'}
:customTreeWidget_QScrollBar	{container=':Form.customTreeWidget_CustomTreeWidget' type='QScrollBar' unnamed='1' visible='1'}
:stackedWidget.Form_AddAblationZonesSidePanelForm1	{container=':Form.stackedWidget_QStackedWidget' name='AddAblationZonesSidePanelForm1' type='AddAblationZonesSidePanelForm1' visible='1' windowTitle='Form'}
:stackedWidget.Form_AddAblationZonesSidePanelForm2	{container=':Form.stackedWidget_QStackedWidget' name='AddAblationZonesSidePanelForm2' type='AddAblationZonesSidePanelForm2' visible='1' windowTitle='Form'}
:stackedWidget.Form_AddTargetsSidePanelForm1	{container=':Form.stackedWidget_QStackedWidget' name='AddTargetsSidePanelForm1' type='AddTargetsSidePanelForm1' visible='1' windowTitle='Form'}
:stackedWidget.Form_AddTargetsSidePanelForm2	{container=':Form.stackedWidget_QStackedWidget' name='AddTargetsSidePanelForm2' type='AddTargetsSidePanelForm2' visible='1' windowTitle='Form'}
:stackedWidget.Form_MIPViewWidget	{container=':Form.stackedWidget_QStackedWidget_2' name='ViewWidget' type='MIPViewWidget' visible='1' windowTitle='Form'}
