:1.3.6.1.4.1.9328.50.3.0537_QModelIndex	{column='1' container=':customTreeWidget.1.3.6.1.4.1.9328.50.3.0537_QModelIndex' text='' type='QModelIndex'}
:Birth Date_HeaderViewItem	{container=':customTreeWidget_QHeaderView' text='Birth Date' type='HeaderViewItem'}
:Form.Add a Target_QPushButton	{container=':Upslope.Form_AddTargetsForm' name='addTargetButton' text='Add a Target' type='QPushButton' visible='1'}
:Form.CD_QToolButton	{container=':Upslope.Form_LoadImagesTreeForm' name='cdButton' text='CD' type='QToolButton' visible='1'}
:Form.Capture Screen_QPushButton	{container=':Upslope.Form_LoadImagesTreeForm' name='captureScreenButton' text='Capture Screen' type='QPushButton' visible='1'}
:Form.Change Views_QPushButton	{container=':Upslope.Form_SecondaryHeaderForm' name='changeViewsButton' text='Change Views' type='QPushButton' visible='1'}
:Form.Database_QToolButton	{container=':Upslope.Form_LoadImagesTreeForm' name='databaseButton' text='Database' type='QToolButton' visible='1'}
:Form.Form_MIPViewWidget	{container=':Upslope.Form_AddTargetsForm' name='ViewWidget' type='MIPViewWidget' visible='1' windowTitle='Form'}
:Form.Form_MPRViewWidget	{container=':Form_EditTargetDetailsForm' name='ViewWidget' occurrence='2' type='MPRViewWidget' visible='1' windowTitle='Form'}
:Form.Form_MPRViewWidget_2	{container=':Form_EditTargetDetailsForm' name='ViewWidget' type='MPRViewWidget' visible='1' windowTitle='Form'}
:Form.Form_MPRViewWidget_3	{container=':Form_EditTargetDetailsForm' name='ViewWidget' occurrence='3' type='MPRViewWidget' visible='1' windowTitle='Form'}
:Form.Hard Drive_QToolButton	{container=':Upslope.Form_LoadImagesTreeForm' name='hardDriveButton' text='Hard Drive' type='QToolButton' visible='1'}
:Form.LocalizerForm_LocalizerForm	{container=':Form.Form_MIPViewWidget' name='LocalizerForm' type='LocalizerForm' visible='1' windowTitle='LocalizerForm'}
:Form.LocalizerForm_LocalizerForm_2	{container=':Form.Form_MPRViewWidget' name='LocalizerForm' type='LocalizerForm' visible='0' windowTitle='LocalizerForm'}
:Form.LocalizerForm_LocalizerForm_3	{container=':Form.Form_MPRViewWidget_2' name='LocalizerForm' type='LocalizerForm' visible='0' windowTitle='LocalizerForm'}
:Form.LocalizerForm_LocalizerForm_4	{container=':Form.Form_MPRViewWidget_3' name='LocalizerForm' type='LocalizerForm' visible='0' windowTitle='LocalizerForm'}
:Form.USB_QToolButton	{container=':Upslope.Form_LoadImagesTreeForm' name='usbButton' text='USB' type='QToolButton' visible='1'}
:Form.closeButton_QPushButton	{container=':Upslope.Form_HeaderForm' name='closeButton' type='QPushButton' visible='1'}
:Form.contents_QWidget	{container=':Form_EditTargetDetailsForm' name='contents' type='QWidget' visible='1'}
:Form.customTreeWidget_CustomTreeWidget	{container=':Upslope.Form_LoadImagesTreeForm' name='customTreeWidget' type='CustomTreeWidget' visible='1'}
:Form.customTreeWidget_CustomTreeWidget_2	{container=':Upslope.Form_LoadImagesTreeForm_2' name='customTreeWidget' type='CustomTreeWidget' visible='0'}
:Form.logo_QLabel	{container=':Upslope.Form_HeaderForm' name='logo' type='QLabel' visible='1'}
:Form.minimizeButton_QPushButton	{container=':Upslope.Form_HeaderForm' name='minimizeButton' type='QPushButton' visible='1'}
:Form.qvtkWidget_QVTKWidget	{container=':Form.Form_MPRViewWidget' name='qvtkWidget' type='QVTKWidget' visible='1'}
:Form.qvtkWidget_QVTKWidget_2	{container=':Form.Form_MPRViewWidget_3' name='qvtkWidget' type='QVTKWidget' visible='1'}
:Form.search_QLineEdit	{container=':Upslope.Form_LoadImagesTreeForm' name='search' type='QLineEdit' visible='1'}
:Form.statusBarWidget_QWidget	{container=':Upslope.Form_StatusBarForm' name='statusBarWidget' type='QWidget' visible='1'}
:Form_EditTargetDetailsForm	{name='EditTargetDetailsForm' type='EditTargetDetailsForm' visible='1' window=':_AddTargetDialog' windowTitle='Form'}
:Last Accessed_HeaderViewItem	{container=':customTreeWidget_QHeaderView' text='Last Accessed' type='HeaderViewItem'}
:LocalizerForm.Form_ScoutImageForm	{container=':Form.LocalizerForm_LocalizerForm_4' name='bottom' type='ScoutImageForm' visible='0' windowTitle='Form'}
:LocalizerForm.Localizer_QLabel	{container=':Form.LocalizerForm_LocalizerForm_4' name='label' text='Localizer' type='QLabel' visible='0'}
:LocalizerForm.line_QFrame	{container=':Form.LocalizerForm_LocalizerForm_3' name='line' type='QFrame' visible='0'}
:LocalizerForm.line_QFrame_2	{container=':Form.LocalizerForm_LocalizerForm_4' name='line' type='QFrame' visible='0'}
:LocalizerForm.topInner_QWidget	{container=':Form.LocalizerForm_LocalizerForm_3' name='topInner' type='QWidget' visible='0'}
:LocalizerForm.topInner_QWidget_2	{container=':Form.LocalizerForm_LocalizerForm_4' name='topInner' type='QWidget' visible='0'}
:LocalizerForm.top_QWidget	{container=':Form.LocalizerForm_LocalizerForm_3' name='top' type='QWidget' visible='0'}
:LocalizerForm.top_QWidget_2	{container=':Form.LocalizerForm_LocalizerForm_4' name='top' type='QWidget' visible='0'}
:LocalizerForm.verticalSlider_QSlider	{container=':Form.LocalizerForm_LocalizerForm' name='verticalSlider' type='QSlider' visible='1'}
:LocalizerForm.verticalSlider_QSlider_2	{container=':Form.LocalizerForm_LocalizerForm_4' name='verticalSlider' type='QSlider' visible='0'}
:Patient ID_HeaderViewItem	{container=':customTreeWidget_QHeaderView' text='Patient ID' type='HeaderViewItem'}
:Patient Name_HeaderViewItem	{container=':customTreeWidget_QHeaderView' text='Patient Name' type='HeaderViewItem'}
:Upslope.Form_AddTargetsForm	{name='AddTargetsForm' type='AddTargetsForm' visible='1' window=':Upslope_MainWindow' windowTitle='Form'}
:Upslope.Form_HeaderForm	{name='HeaderForm' type='HeaderForm' visible='1' window=':Upslope_MainWindow' windowTitle='Form'}
:Upslope.Form_LoadImagesTreeForm	{name='LoadImagesTreeForm' type='LoadImagesTreeForm' visible='1' window=':Upslope_MainWindow' windowTitle='Form'}
:Upslope.Form_LoadImagesTreeForm_2	{name='LoadImagesTreeForm' type='LoadImagesTreeForm' visible='0' window=':Upslope_MainWindow' windowTitle='Form'}
:Upslope.Form_SecondaryHeaderForm	{name='SecondaryHeaderForm' type='SecondaryHeaderForm' visible='1' window=':Upslope_MainWindow' windowTitle='Form'}
:Upslope.Form_StatusBarForm	{name='StatusBarForm' type='StatusBarForm' visible='1' window=':Upslope_MainWindow' windowTitle='Form'}
:Upslope.Load Images_QPushButton	{name='firstTaskButton' text='Load Images' type='QPushButton' visible='1' window=':Upslope_MainWindow'}
:Upslope.Load Images_QPushButton_2	{name='backButton' text='Load Images' type='QPushButton' visible='1' window=':Upslope_MainWindow'}
:Upslope.Plan_QPushButton	{name='middleTaskButton' text='Plan' type='QPushButton' visible='1' window=':Upslope_MainWindow'}
:Upslope.Review_QPushButton	{name='lastTaskButton' text='Review' type='QPushButton' visible='1' window=':Upslope_MainWindow'}
:Upslope.Review_QPushButton_2	{name='nextButton' text='Review' type='QPushButton' visible='1' window=':Upslope_MainWindow'}
:Upslope_MainWindow	{type='MainWindow' unnamed='1' visible='1' windowTitle='Upslope'}
:_AddTargetDialog	{type='AddTargetDialog' unnamed='1' visible='1'}
:_QVTKInteractorAdapter	{occurrence='6' type='QVTKInteractorAdapter' unnamed='1'}
:_QVTKInteractorAdapter_2	{occurrence='7' type='QVTKInteractorAdapter' unnamed='1'}
:customTreeWidget.1.3.6.1.4.1.9328.50.3.0537_QModelIndex	{column='0' container=':Form.customTreeWidget_CustomTreeWidget' text='1.3.6.1.4.1.9328.50.3.0537' type='QModelIndex'}
:customTreeWidget.1.3.6.1.4.1.9328.50.3.0537_QModelIndex_2	{column='1' container=':Form.customTreeWidget_CustomTreeWidget' text='1.3.6.1.4.1.9328.50.3.0537' type='QModelIndex'}
:customTreeWidget.1.3.6.1.4.1.9328.50.3.0537_QModelIndex_3	{column='0' container=':Form.customTreeWidget_CustomTreeWidget_2' text='1.3.6.1.4.1.9328.50.3.0537' type='QModelIndex'}
:customTreeWidget.3691393543_QModelIndex	{column='0' container=':Form.customTreeWidget_CustomTreeWidget' text='3691393543' type='QModelIndex'}
:customTreeWidget.3691393543_QModelIndex_2	{column='0' container=':Form.customTreeWidget_CustomTreeWidget_2' text='3691393543' type='QModelIndex'}
:customTreeWidget.COVIDIEN PHANTOM 2_QModelIndex	{column='0' container=':Form.customTreeWidget_CustomTreeWidget' text='COVIDIEN PHANTOM 2' type='QModelIndex'}
:customTreeWidget.COVIDIEN PHANTOM 2_QModelIndex_2	{column='0' container=':Form.customTreeWidget_CustomTreeWidget_2' text='COVIDIEN PHANTOM 2' type='QModelIndex'}
:customTreeWidget.DISK^39_QModelIndex	{column='0' container=':Form.customTreeWidget_CustomTreeWidget' text='DISK^39' type='QModelIndex'}
:customTreeWidget.DISK^39_QModelIndex_2	{column='0' container=':Form.customTreeWidget_CustomTreeWidget_2' text='DISK^39' type='QModelIndex'}
:customTreeWidget.Form_ExamRowForm	{container=':Form.customTreeWidget_CustomTreeWidget' name='ExamRowForm' type='ExamRowForm' visible='1' windowTitle='Form'}
:customTreeWidget.Form_PlanRowForm	{container=':Form.customTreeWidget_CustomTreeWidget' name='PlanRowForm' occurrence='4' type='PlanRowForm' visible='1' windowTitle='Form'}
:customTreeWidget.frame_QFrame	{container=':Form.customTreeWidget_CustomTreeWidget' name='frame' type='QFrame' visible='1'}
:customTreeWidget.frame_QFrame_2	{container=':Form.customTreeWidget_CustomTreeWidget' name='frame' occurrence='5' type='QFrame' visible='1'}
:customTreeWidget.frame_QFrame_3	{container=':Form.customTreeWidget_CustomTreeWidget' name='frame' occurrence='4' type='QFrame' visible='1'}
:customTreeWidget.frame_QFrame_4	{container=':Form.customTreeWidget_CustomTreeWidget' name='frame' occurrence='2' type='QFrame' visible='1'}
:customTreeWidget.frame_QFrame_5	{container=':Form.customTreeWidget_CustomTreeWidget' name='frame' occurrence='3' type='QFrame' visible='1'}
:customTreeWidget_QHeaderView	{container=':Form.customTreeWidget_CustomTreeWidget' orientation='1' type='QHeaderView' unnamed='1' visible='1'}
:frame.Aug 21 2013 03:31 PM_QLabel	{container=':customTreeWidget.frame_QFrame_5' name='dateLabel' text='Aug 21 2013 03:31 PM' type='QLabel' visible='1'}
:frame.By:_QLabel	{container=':customTreeWidget.frame_QFrame_4' name='byLabel' text='By:' type='QLabel' visible='1'}
:frame.CT_QLabel	{container=':customTreeWidget.frame_QFrame' name='modalityLabel' text='CT' type='QLabel' visible='1'}
:frame.Compatibility:_QLabel	{container=':customTreeWidget.frame_QFrame' name='compatibilityLabel' text='Compatibility:' type='QLabel' visible='1'}
:frame.Create New Plan_QPushButton	{container=':customTreeWidget.frame_QFrame' name='newPlanButton' text='Create New Plan' type='QPushButton' visible='1'}
:frame.Jan 01 2000 12:00 AM_QLabel	{container=':customTreeWidget.frame_QFrame' name='dateLabel' text='Jan 01 2000 12:00 AM' type='QLabel' visible='1'}
:frame.Jul 05 2013 01:36 PM_QLabel	{container=':customTreeWidget.frame_QFrame_4' name='dateLabel' text='Jul 05 2013 01:36 PM' type='QLabel' visible='1'}
:frame.Open Plan_QPushButton	{container=':customTreeWidget.frame_QFrame_4' name='openPlanButton' text='Open Plan' type='QPushButton' visible='1'}
:frame.Open Plan_QPushButton_2	{container=':customTreeWidget.frame_QFrame_2' name='openPlanButton' text='Open Plan' type='QPushButton' visible='1'}
:frame.Plan Status:_QLabel	{container=':customTreeWidget.frame_QFrame_4' name='planStatusLabel' text='Plan Status:' type='QLabel' visible='1'}
:frame.Plan Status:_QLabel_2	{container=':customTreeWidget.frame_QFrame_5' name='planStatusLabel' text='Plan Status:' type='QLabel' visible='1'}
:frame.Plan Status:_QLabel_3	{container=':customTreeWidget.frame_QFrame_3' name='planStatusLabel' text='Plan Status:' type='QLabel' visible='1'}
:frame.Ready, not exported_QLabel	{container=':customTreeWidget.frame_QFrame_4' name='planStatusContentsLabel' text='Ready, not exported' type='QLabel' visible='1'}
:frame.iconLabel_QLabel	{container=':customTreeWidget.frame_QFrame' name='iconLabel' type='QLabel' visible='1'}
:frame.iconLabel_QLabel_2	{container=':customTreeWidget.frame_QFrame_4' name='iconLabel' type='QLabel' visible='1'}
:frame.info_QLabel	{container=':customTreeWidget.frame_QFrame' name='infoLabel' text='info' type='QLabel' visible='1'}
:frame.kevin_QLabel	{container=':customTreeWidget.frame_QFrame_4' name='byContentsLabel' text='kevin' type='QLabel' visible='1'}
:frame.ratingLabel_QLabel	{container=':customTreeWidget.frame_QFrame' name='ratingLabel' type='QLabel' visible='1'}
