:Birth Date_HeaderViewItem	{container=':customTreeWidget_QHeaderView' text='Birth Date' type='HeaderViewItem'}
:Form.CD_QToolButton	{container=':Upslope.Form_LoadImagesTreeForm' name='cdButton' text='CD' type='QToolButton' visible='1'}
:Form.Capture Screen_QPushButton	{container=':Upslope.Form_LoadImagesTreeForm' name='captureScreenButton' text='Capture Screen' type='QPushButton' visible='1'}
:Form.Database_QToolButton	{container=':Upslope.Form_LoadImagesTreeForm' name='databaseButton' text='Database' type='QToolButton' visible='1'}
:Form.Hard Drive_QToolButton	{container=':Upslope.Form_LoadImagesTreeForm' name='hardDriveButton' text='Hard Drive' type='QToolButton' visible='1'}
:Form.USB_QToolButton	{container=':Upslope.Form_LoadImagesTreeForm' name='usbButton' text='USB' type='QToolButton' visible='1'}
:Form.closeButton_QPushButton	{container=':Upslope.Form_HeaderForm' name='closeButton' type='QPushButton' visible='1'}
:Form.customTreeWidget_CustomTreeWidget	{container=':Upslope.Form_LoadImagesTreeForm' name='customTreeWidget' type='CustomTreeWidget' visible='1'}
:Form.logo_QLabel	{container=':Upslope.Form_HeaderForm' name='logo' type='QLabel' visible='1'}
:Form.minimizeButton_QPushButton	{container=':Upslope.Form_HeaderForm' name='minimizeButton' type='QPushButton' visible='1'}
:Form.search_QLineEdit	{container=':Upslope.Form_LoadImagesTreeForm' name='search' type='QLineEdit' visible='1'}
:Last Accessed_HeaderViewItem	{container=':customTreeWidget_QHeaderView' text='Last Accessed' type='HeaderViewItem'}
:Patient ID_HeaderViewItem	{container=':customTreeWidget_QHeaderView' text='Patient ID' type='HeaderViewItem'}
:Patient Name_HeaderViewItem	{container=':customTreeWidget_QHeaderView' text='Patient Name' type='HeaderViewItem'}
:Upslope.Form_HeaderForm	{name='HeaderForm' type='HeaderForm' visible='1' window=':Upslope_MainWindow' windowTitle='Form'}
:Upslope.Form_LoadImagesTreeForm	{name='LoadImagesTreeForm' type='LoadImagesTreeForm' visible='1' window=':Upslope_MainWindow' windowTitle='Form'}
:Upslope.Load Images_QPushButton	{name='firstTaskButton' text='Load Images' type='QPushButton' visible='1' window=':Upslope_MainWindow'}
:Upslope.Plan_QPushButton	{name='middleTaskButton' text='Plan' type='QPushButton' visible='1' window=':Upslope_MainWindow'}
:Upslope.Review_QPushButton	{name='lastTaskButton' text='Review' type='QPushButton' visible='1' window=':Upslope_MainWindow'}
:Upslope_MainWindow	{type='MainWindow' unnamed='1' visible='1' windowTitle='Upslope'}
:customTreeWidget.1.3.6.1.4.1.9328.50.3.0537_QModelIndex	{column='0' container=':Form.customTreeWidget_CustomTreeWidget' text='1.3.6.1.4.1.9328.50.3.0537' type='QModelIndex'}
:customTreeWidget.COVIDIEN PHANTOM 2_QModelIndex	{column='0' container=':Form.customTreeWidget_CustomTreeWidget' text='COVIDIEN PHANTOM 2' type='QModelIndex'}
:customTreeWidget_QHeaderView	{container=':Form.customTreeWidget_CustomTreeWidget' orientation='1' type='QHeaderView' unnamed='1' visible='1'}
