:Add Ablation Zones_QPushButton	{text='Add Ablation Zones' type='QPushButton' unnamed='1' visible='1' window=':_MainWindow'}
:Add Ablation Zones_QPushButton_2	{name='nextButton' text='Add Ablation Zones' type='QPushButton' visible='1' window=':_MainWindow'}
:Add Targets_QPushButton	{text='Add Targets' type='QPushButton' unnamed='1' visible='1' window=':_MainWindow'}
:CompatibilityDialog.arrowLabel_QLabel	{name='arrowLabel' type='QLabel' visible='1' window=':CompatibilityDialog_CompatibilityDialog'}
:CompatibilityDialog.closeButton_QPushButton	{name='closeButton' type='QPushButton' visible='1' window=':CompatibilityDialog_CompatibilityDialog'}
:CompatibilityDialog.closeButton_QPushButton_2	{name='closeButton' type='QPushButton' visible='0' window=':CompatibilityDialog_CompatibilityDialog_2'}
:CompatibilityDialog_CompatibilityDialog	{name='CompatibilityDialog' type='CompatibilityDialog' visible='1' windowTitle='CompatibilityDialog'}
:CompatibilityDialog_CompatibilityDialog_2	{name='CompatibilityDialog' occurrence='3' type='CompatibilityDialog' visible='0' windowTitle='CompatibilityDialog'}
:Export_QPushButton	{text='Export' type='QPushButton' unnamed='1' visible='1' window=':_MainWindow'}
:Form.100 W_QPushButton	{container=':stackedWidget.Form_AddAblationZonesSidePanelForm2' name='powerLevelButton3' text='100 W' type='QPushButton' visible='1'}
:Form.130922 (not for clinical use)_QLabel	{container=':Form_StatusBarForm' name='versionLabel2' text='130922 (not for clinical use)' type='QLabel' visible='1'}
:Form.3D_QPushButton	{container=':Form.Form_ViewsAreaForm' name='volumeRenderingButton' text='3D' type='QPushButton' visible='1'}
:Form.50 W_QPushButton	{container=':stackedWidget.Form_AddAblationZonesSidePanelForm2' name='powerLevelButton1' text='50 W' type='QPushButton' visible='1'}
:Form.75 W_QPushButton	{container=':stackedWidget.Form_AddAblationZonesSidePanelForm2' name='powerLevelButton2' text='75 W' type='QPushButton' visible='1'}
:Form.Add Ablation Zone_QPushButton	{container=':stackedWidget.Form_AddAblationZonesSidePanelForm1' name='addAblationZoneButton' text='Add Ablation Zone' type='QPushButton' visible='1'}
:Form.Add a Target_QPushButton	{container=':stackedWidget.Form_AddTargetsSidePanelForm1' name='addTargetButton' text='Add a Target' type='QPushButton' visible='1'}
:Form.Axial_QPushButton	{container=':Form.Form_ViewsAreaForm' name='axialButton' text='Axial' type='QPushButton' visible='1'}
:Form.CA20L1_QPushButton	{container=':stackedWidget.Form_AddAblationZonesSidePanelForm2' name='needleButton' text='CA20L1' type='QPushButton' visible='1'}
:Form.CD_QToolButton	{container=':Form_LoadImagesTreeForm' name='cdButton' text='CD' type='QToolButton' visible='1'}
:Form.Connected_QLabel	{container=':Form_StatusBarForm' name='networkStatusLabel2' text='Connected' type='QLabel' visible='1'}
:Form.Coronal_QPushButton	{container=':Form.Form_ViewsAreaForm' name='coronalButton' text='Coronal' type='QPushButton' visible='1'}
:Form.Delete Ablation Zone_QPushButton	{container=':stackedWidget.Form_AddAblationZonesSidePanelForm2' name='deleteAblationZoneButton' text='Delete Ablation Zone' type='QPushButton' visible='1'}
:Form.Delete Target_QPushButton	{container=':stackedWidget.Form_AddTargetsSidePanelForm2' name='deleteTargetButton' text='Delete Target' type='QPushButton' visible='1'}
:Form.Export Snapshots to USB_QPushButton	{container=':Form_ExportForm' name='exportSnapshotButton' text='Export Snapshots to USB' type='QPushButton' visible='1'}
:Form.Form_ImageToolsForm	{container=':stackedWidget.Form_MPRViewWidget' name='ImageToolsForm' type='ImageToolsForm' visible='1' windowTitle='Form'}
:Form.Form_ViewsAreaForm	{container=':Form_MainForm' name='ViewsAreaForm' type='ViewsAreaForm' visible='1' windowTitle='Form'}
:Form.Hard Drive_QToolButton	{container=':Form_LoadImagesTreeForm' name='hardDriveButton' text='Hard Drive' type='QToolButton' visible='1'}
:Form.Liver Ablation_QLabel	{container=':Form_StatusBarForm' name='procedureLabel2' text='Liver Ablation' type='QLabel' visible='1'}
:Form.Multi-Plane_QPushButton	{container=':Form.Form_ViewsAreaForm' name='multiPlaneButton' text='Multi-Plane' type='QPushButton' visible='1'}
:Form.Plugged in_QLabel	{container=':Form_StatusBarForm' name='powerSourceLabel2' text='Plugged in' type='QLabel' visible='1'}
:Form.Sagittal_QPushButton	{container=':Form.Form_ViewsAreaForm' name='sagittalButton' text='Sagittal' type='QPushButton' visible='1'}
:Form.Single Slice_QPushButton	{container=':Form.Form_ViewsAreaForm' name='sliceButton' text='Single Slice' type='QPushButton' visible='1'}
:Form.System_QToolButton	{container=':Form_LoadImagesTreeForm' name='systemButton' text='System' type='QToolButton' visible='1'}
:Form.USB_QToolButton	{container=':Form_LoadImagesTreeForm' name='usbButton' text='USB' type='QToolButton' visible='1'}
:Form.captureScreenButton_QPushButton	{container=':Form_HeaderForm' name='captureScreenButton' type='QPushButton' visible='1'}
:Form.customTreeWidget_CustomTreeWidget	{container=':Form_LoadImagesTreeForm' name='customTreeWidget' type='CustomTreeWidget' visible='1'}
:Form.measureButton_QPushButton	{container=':Form.Form_ImageToolsForm' name='measureButton' type='QPushButton' visible='1'}
:Form.nameLineEdit_QLineEdit	{container=':stackedWidget.Form_AddTargetsSidePanelForm2' name='nameLineEdit' type='QLineEdit' visible='1'}
:Form.notesTextEdit_QPlainTextEdit	{container=':stackedWidget.Form_AddTargetsSidePanelForm2' name='notesTextEdit' type='QPlainTextEdit' visible='1'}
:Form.search_QLineEdit	{container=':Form_LoadImagesTreeForm' name='search' type='QLineEdit' visible='1'}
:Form.stackedWidget_QStackedWidget	{container=':Form_MainForm' name='stackedWidget' type='QStackedWidget' visible='1'}
:Form.stackedWidget_QStackedWidget_2	{container=':Form.Form_ViewsAreaForm' name='stackedWidget' type='QStackedWidget' visible='1'}
:Form.statusBarWidget_QWidget	{container=':Form_StatusBarForm' name='statusBarWidget' type='QWidget' visible='1'}
:Form.widget_QWidget	{container=':stackedWidget.Form_AddTargetsSidePanelForm2' name='widget' type='QWidget' visible='1'}
:Form.windowButton_QPushButton	{container=':Form.Form_ImageToolsForm' name='windowButton' type='QPushButton' visible='1'}
:Form.zoomDownButton_QPushButton	{container=':Form.Form_ImageToolsForm' name='zoomDownButton' type='QPushButton' visible='1'}
:Form.zoomUpButton_QPushButton	{container=':Form.Form_ImageToolsForm' name='zoomUpButton' type='QPushButton' visible='1'}
:Form_ExportForm	{name='ExportForm' type='ExportForm' visible='1' window=':_MainWindow' windowTitle='Form'}
:Form_HeaderForm	{name='HeaderForm' type='HeaderForm' visible='1' window=':_MainWindow' windowTitle='Form'}
:Form_LoadImagesTreeForm	{name='LoadImagesTreeForm' type='LoadImagesTreeForm' visible='1' window=':_MainWindow' windowTitle='Form'}
:Form_MainForm	{name='MainForm' type='MainForm' visible='1' window=':_MainWindow' windowTitle='Form'}
:Form_QTabBar	{container=':Form_MainForm' type='QTabBar' unnamed='1' visible='1'}
:Form_StatusBarForm	{name='StatusBarForm' type='StatusBarForm' visible='1' window=':_MainWindow' windowTitle='Form'}
:Load Images_QPushButton	{name='backButton' text='Load Images' type='QPushButton' visible='1' window=':_MainWindow'}
:Load Images_QPushButton_2	{text='Load Images' type='QPushButton' unnamed='1' visible='1' window=':_MainWindow'}
:ScreenCaptureDialog.Cancel_QPushButton	{name='cancelButton' text='Cancel' type='QPushButton' visible='1' window=':ScreenCaptureDialog_ScreenCaptureDialog'}
:ScreenCaptureDialog.Hide patient details in the screen capture_QCheckBox	{name='patientDetailsCheckBox' text='Hide patient details in the screen capture' type='QCheckBox' visible='1' window=':ScreenCaptureDialog_ScreenCaptureDialog'}
:ScreenCaptureDialog.Save_QPushButton	{name='saveButton' text='Save' type='QPushButton' visible='1' window=':ScreenCaptureDialog_ScreenCaptureDialog'}
:ScreenCaptureDialog.closeButton_QPushButton	{name='closeButton' type='QPushButton' visible='1' window=':ScreenCaptureDialog_ScreenCaptureDialog'}
:ScreenCaptureDialog.fileNameEdit_QLineEdit	{name='fileNameEdit' type='QLineEdit' visible='1' window=':ScreenCaptureDialog_ScreenCaptureDialog'}
:ScreenCaptureDialog_ScreenCaptureDialog	{name='ScreenCaptureDialog' type='ScreenCaptureDialog' visible='1' windowTitle='ScreenCaptureDialog'}
:WarningDialog.Are you sure you want to delete the selected target?_QLabel	{name='warningLabel' text='Are you sure you want to delete the selected target?' type='QLabel' visible='1' window=':WarningDialog_MessageDialog'}
:WarningDialog.Cancel_QPushButton	{name='leftButton' text='Cancel' type='QPushButton' visible='1' window=':WarningDialog_MessageDialog'}
:WarningDialog.Delete Ablation Zone_QLabel	{name='titleLabel' text='Delete Ablation Zone' type='QLabel' visible='1' window=':WarningDialog_MessageDialog'}
:WarningDialog.Delete Target_QLabel	{name='titleLabel' text='Delete Target' type='QLabel' visible='1' window=':WarningDialog_MessageDialog'}
:WarningDialog.Delete_QPushButton	{name='rightButton' text='Delete' type='QPushButton' visible='1' window=':WarningDialog_MessageDialog'}
:WarningDialog.Insufficient Memory_QLabel	{name='titleLabel' text='Insufficient Memory' type='QLabel' visible='1' window=':WarningDialog_MessageDialog'}
:WarningDialog.OK_QPushButton	{name='rightButton' text='OK' type='QPushButton' visible='1' window=':WarningDialog_MessageDialog'}
:WarningDialog.The system does not have the recommended memory for running this application._QLabel	{name='warningLabel' text='The system does not have the recommended memory for running this application.' type='QLabel' visible='1' window=':WarningDialog_MessageDialog'}
:WarningDialog.captureScreenButton_QPushButton	{name='captureScreenButton' type='QPushButton' visible='1' window=':WarningDialog_MessageDialog'}
:WarningDialog.closeButton_QPushButton	{name='closeButton' type='QPushButton' visible='1' window=':WarningDialog_MessageDialog'}
:WarningDialog.dialogContainer_QWidget	{name='dialogContainer' type='QWidget' visible='1' window=':WarningDialog_MessageDialog'}
:WarningDialog_MessageDialog	{name='MessageDialog' type='MessageDialog' visible='1' windowTitle='WarningDialog'}
:_MainWindow	{type='MainWindow' unnamed='1' visible='1'}
:customTreeWidget.frame_QFrame	{container=':Form.customTreeWidget_CustomTreeWidget' name='frame' type='QFrame' visible='1'}
:customTreeWidget.frame_QFrame_2	{container=':Form.customTreeWidget_CustomTreeWidget' name='frame' occurrence='2' type='QFrame' visible='1'}
:frame.263 Images_QLabel	{container=':customTreeWidget.frame_QFrame' name='imagesLabel' text='263 Images' type='QLabel' visible='1'}
:frame.Aug 03 2001 12:00 AM_QLabel	{container=':customTreeWidget.frame_QFrame' name='dateLabel' text='Aug 03 2001 12:00 AM' type='QLabel' visible='1'}
:frame.CT_QLabel	{container=':customTreeWidget.frame_QFrame' name='modalityLabel' text='CT' type='QLabel' visible='1'}
:frame.Compatibility:_QLabel	{container=':customTreeWidget.frame_QFrame' name='compatibilityLabel' text='Compatibility:' type='QLabel' visible='1'}
:frame.Create New Plan_QPushButton	{container=':customTreeWidget.frame_QFrame' name='newPlanButton' text='Create New Plan' type='QPushButton' visible='1'}
:frame.Open Plan_QPushButton	{container=':customTreeWidget.frame_QFrame_2' name='openPlanButton' text='Open Plan' type='QPushButton' visible='1'}
:frame.Sep 27 2013 09:39 AM_QLabel	{container=':customTreeWidget.frame_QFrame_2' name='dateLabel' text='Sep 27 2013 09:39 AM' type='QLabel' visible='1'}
:frame.iconLabel_QLabel	{container=':customTreeWidget.frame_QFrame' name='iconLabel' type='QLabel' visible='1'}
:frame.info_QLabel	{container=':customTreeWidget.frame_QFrame' name='infoLabel' text='info' type='QLabel' visible='1'}
:frame.ratingLabel_QLabel	{container=':customTreeWidget.frame_QFrame' name='ratingLabel' type='QLabel' visible='1'}
:stackedWidget.Form_AddAblationZonesSidePanelForm1	{container=':Form.stackedWidget_QStackedWidget' name='AddAblationZonesSidePanelForm1' type='AddAblationZonesSidePanelForm1' visible='1' windowTitle='Form'}
:stackedWidget.Form_AddAblationZonesSidePanelForm2	{container=':Form.stackedWidget_QStackedWidget' name='AddAblationZonesSidePanelForm2' type='AddAblationZonesSidePanelForm2' visible='1' windowTitle='Form'}
:stackedWidget.Form_AddTargetsSidePanelForm1	{container=':Form.stackedWidget_QStackedWidget' name='AddTargetsSidePanelForm1' type='AddTargetsSidePanelForm1' visible='1' windowTitle='Form'}
:stackedWidget.Form_AddTargetsSidePanelForm2	{container=':Form.stackedWidget_QStackedWidget' name='AddTargetsSidePanelForm2' type='AddTargetsSidePanelForm2' visible='1' windowTitle='Form'}
:stackedWidget.Form_MPRViewWidget	{container=':Form.stackedWidget_QStackedWidget_2' name='ViewWidget' type='MPRViewWidget' visible='1' windowTitle='Form'}
